user/RvB/red/MI28.dat user/RvB/red/mi28.dnm user/RvB/red/mi28cl.srf

user/RvB/red/MIG17.dat user/RvB/red/MIG17.dnm user/RvB/red/mig17cl.srf
user/RvB/red/MIG19.dat user/RvB/red/MIG19.dnm user/RvB/red/mig19cl.srf


user/RvB/red/J7.dat user/RvB/red/J7E.dnm user/RvB/red/j7cl.srf
user/RvB/red/J10.dat user/RvB/red/J10.dnm user/RvB/red/j10cl.srf
user/RvB/red/JF17.dat user/RvB/red/JF17.dnm user/RvB/red/j9cl.srf
user/RvB/red/L15.dat user/RvB/red/L15.dnm user/RvB/red/l15cl.srf
user/RvB/red/MIG29.dat user/RvB/red/MIG29.dnm user/RvB/red/mig29kcl.srf
user/RvB/red/SU27.dat user/RvB/red/SU27.dnm user/RvB/red/su27cl.srf
user/RvB/red/SU30.dat user/RvB/red/SU30.dnm user/RvB/red/su27cl.srf
user/RvB/red/SU35.dat user/RvB/red/SU35.dnm user/RvB/red/su35cl.srf
user/RvB/red/SU47.dat user/RvB/red/SU47.dnm user/RvB/red/su47cl.srf

user/RvB/red/SU22.dat user/RvB/red/SU22.dnm user/RvB/red/su22cl.srf
user/RvB/red/JH7.dat user/RvB/red/JH7.dnm user/RvB/red/jh7cl.srf
user/RvB/red/MIG27.dat user/RvB/red/MIG27.dnm user/RvB/red/mig27cl.srf
user/RvB/red/A5.dat user/RvB/red/Q5.dnm user/RvB/red/q5cl.srf

user/RvB/red/SU25.dat user/RvB/red/SU25.dnm user/RvB/red/su25cl.srf

user/RvB/red/MIG25.dat user/RvB/red/MIG25.dnm user/RvB/red/m25cl.srf
user/RvB/red/J8.dat user/RvB/red/J8H.dnm user/RvB/red/j8iicl.srf

user/RvB/red/J20.dat user/RvB/red/J20.dnm user/RvB/red/j20cl.srf
user/RvB/red/SU75.dat user/RvB/red/SU75.dnm user/RvB/red/su75cl.srf

user/RvB/red/TU22.dat user/RvB/red/TU22.dnm user/RvB/red/tu22mcl.srf

user/RvB/red/dronered.dat user/RvB/red/dronered.dnm user/RvB/red/dronecl.srf



user/RvB/blue/AH64.dat user/RvB/blue/AH64.dnm user/RvB/blue/ah60cl.srf


user/RvB/blue/F5.dat user/RvB/blue/F5.dnm user/RvB/blue/f5cl.srf
user/RvB/blue/F8.dat user/RvB/blue/F8.dnm user/RvB/blue/f8cl.srf

user/RvB/blue/F15.dat user/RvB/blue/F15.dnm user/RvB/blue/f15cl.srf
user/RvB/blue/F16.dat user/RvB/blue/F16.dnm user/RvB/blue/f16cl.srf
user/RvB/blue/F18.dat user/RvB/blue/F18.dnm user/RvB/blue/f18ecl.srf
user/RvB/blue/FCK.dat user/RvB/blue/FCK.dnm user/RvB/blue/fckcl.srf
user/RvB/blue/GRIPEN.dat user/RvB/blue/GRIPEN.dnm user/RvB/blue/gripencl.srf
user/RvB/blue/MRG.dat user/RvB/blue/MRG.dnm user/RvB/blue/mrgcl.srf
user/RvB/blue/RAFALE.dat user/RvB/blue/RAFALE.dnm user/RvB/blue/rflcl.srf
user/RvB/blue/TEJAS.dat user/RvB/blue/TEJAS.dnm user/RvB/blue/tejascl.srf
user/RvB/blue/TYPHOON.dat user/RvB/blue/TYPHOON.dnm user/RvB/blue/typcl.srf

user/RvB/blue/TORNADO.dat user/RvB/blue/TORNADO.dnm user/RvB/blue/tornadocl.srf
user/RvB/blue/MRG3.dat user/RvB/blue/MRG3.dnm user/RvB/blue/mrg3cl.srf
user/RvB/blue/MRGF1.dat user/RvB/blue/MRGF1.dnm user/RvB/blue/mrgf1cl.srf
user/RvB/blue/JAGUAR.dat user/RvB/blue/JAGUAR.dnm user/RvB/blue/jagcl.srf

user/RvB/blue/A10.dat user/RvB/blue/A10.dnm user/RvB/blue/a10cl.srf

user/RvB/blue/LIGHTNING.dat user/RvB/blue/LIGHTNING.dnm user/RvB/blue/lightningcl.srf
user/RvB/blue/F14.dat user/RvB/blue/F14.dnm user/RvB/blue/f14cl.srf
user/RvB/blue/F104.dat user/RvB/blue/F104.dnm user/RvB/blue/f104cl.srf


user/RvB/blue/F22.dat user/RvB/blue/F22.dnm user/RvB/blue/f22cl.srf
user/RvB/blue/F35.dat user/RvB/blue/F35.dnm user/RvB/blue/f35cl.srf

user/RvB/blue/B1.dat user/RvB/blue/B1.dnm user/RvB/blue/b1cl.srf
user/RvB/blue/droneblue.dat user/RvB/blue/droneblue.dnm user/RvB/blue/dronecl.srf
